Program
  List
    Function
      IdDecl ID="a"
      List
      List
        Declaration
          IdDecl ID="x"
          Opt
        Assignment
          IdDecl ID="x"
          Add
            Numeral NUMERAL="5"
            Numeral NUMERAL="4"
