Program
  List
    Function
      IdDecl ID="a"
      List
      List
        Declaration
          IdDecl ID="x"
          Opt
        Declaration
          IdDecl ID="y"
          Opt
        Assignment
          IdDecl ID="x"
          Numeral NUMERAL="5"
        Assignment
          IdDecl ID="y"
          IdUse ID="x"
