Program
  List
    Function
      IdDecl ID="a"
      List
        IdDecl ID="x"
      List
        Declaration
          IdDecl ID="a"
          Opt
        Assignment
          IdDecl ID="a"
          Add
            FunctionUse
              IdUse ID="b"
              List
                IdUse ID="x"
                IdUse ID="t"
            FunctionUse
              IdUse ID="c"
              List
