Program
  List
    Function
      IdDecl ID="a"
      List
      List
        Declaration
          IdDecl ID="x"
          Opt
        Print
          IdUse ID="x"
