Program
  List
    Function
      IdDecl ID="a"
      List
      Block
        List
          Return
            FunctionUse
              IdUse ID="b"
              List
    Function
      IdDecl ID="b"
      List
      Block
        List
          Return
            IntegerValue INTEGER="1"
