fac: fac
f: fac
f: print
main: f
main: fac
main: print
